Símbolo         Valor Decimal   Valor Hexadecimal
-------         -------------   -----------------
VISOR_INI               65500                FFDC
VISOR_END               65535                FFFF
STRING_END              65526                FFF6
VIDAS_INI               65527                FFF7
TEMPO_INI               65531                FFFB
STACK                   32768                8000
TECLADO_ON              65498                FFDA
TECLADO_INPUT           65499                FFDB
ISR_END                 65470                FFBE
TIMER_DATA              65495                FFD7
INTERRUPT_STATUS        65496                FFD8
INTERRUPT_ENABLE        65497                FFD9
NUM_VIDAS               32768                8000
STRING                  32770                8002
POSICAO_ESCRITA         32796                801C
RETURN_STR_LEN          32798                801E
MENSAGEM_COMECO         32800                8020
MENSAGEM_VITORIA        32834                8042
MENSAGEM_DERROTA        32848                8050
MENSAGEM_NUM_VIDAS      32864                8060
MENSAGEM_ERRO_VIDAS     32897                8081
ERRO_INT                32930                80A2
LETRA_INPUT             32945                80B1
MINUTOS                 32947                80B3
SEGUNDOS                32949                80B5
QUART_SEGUNDO           32951                80B7
MAIN_LOOP                  42                  2A
ISR                        55                  37
FIM_ISR                   103                  67
STR_LEN                   120                  78
LOOP_STR_LEN              122                  7A
FIM_STR_LEN               140                  8C
VALIDA_INPUT              145                  91
VAL1                      159                  9F
VAL2                      171                  AB
VAL3                      181                  B5
VAL4                      191                  BF
VAL_FIM                   203                  CB
CHAR_INVALIDO             209                  D1
CHAR_VALIDO               210                  D2
TO_UPPER                  215                  D7
FIM_TO_UPPER              229                  E5
ESCREVE_NO_VISOR          230                  E6
LOOP_ESCREVE              248                  F8
CLEAR_VISOR               261                 105
LOOP_CLEAR                269                 10D
ESCREVE_TEMPO             284                 11C
DIVIDE_POR_DEZ            361                 169
LOOP_DIVISAO              365                 16D
FIM_DIVISAO               379                 17B
RESTO_POR_DEZ             380                 17C
LOOP_RESTO                380                 17C
FIM_RESTO                 392                 188
