Símbolo         Valor Decimal   Valor Hexadecimal
-------         -------------   -----------------
OFFSET_VIDAS               26                  1A
OFFSET_TEMPO               16                  10
TO_UPPER                   32                  20
ENTER                      13                   D
BACKSPACE                   8                   8
TAM_MAX_PALAVRA            25                  19
STACK                   65408                FF80
END_ISR                 65470                FFBE
TIMER_DATA              65495                FFD7
INT_STATUS              65496                FFD8
INT_ENABLE              65497                FFD9
TECLADO_STATUS          65498                FFDA
TECLADO_DATA            65499                FFDB
VISOR_INI               65500                FFDC
VISOR_FIM               65535                FFFF
NUM_VIDAS               32768                8000
PALAVRA_CERTA           32770                8002
TAM_PALAVRA_CERTA       32798                801E
PALAVRA_MOSTRADA        32800                8020
LETRAS_POR_ADIVINHAR    32825                8039
CORRESPONDE             32827                803B
MINUTOS                 32829                803D
SEGUNDOS                32831                803F
QUART_SEGUNDO           32833                8041
DEZENA                  32835                8043
UNIDADE                 32837                8045
CURSOR_MIN              32839                8047
CURSOR_MAX              32841                8049
INPUT_USUARIO           32843                804B
TAMANHO_STRING          32845                804D
MODO_TECLADO            32847                804F
MENSAGEM_INICIO         32849                8051
MENSAGEM_VIDAS          32869                8065
MENSAGEM_QUANTAS_VIDAS    32880                8070
MENSAGEM_VITORIA        32903                8087
MENSAGEM_DERROTA        32918                8096
MENSAGEM_TEMPO          32933                80A5
MAIN                       30                  1E
AGUARDA_PALAVRA            56                  38
AGUARDA_ENTER             100                  64
DIGITOU_LETRA_PALAVRA      130                  82
VALIDA_PALAVRA            136                  88
PRE_PERGUNTA_NUM_VIDAS      150                  96
PERGUNTA_NUM_VIDAS        198                  C6
DIGITOU_NUM_VIDAS         228                  E4
VALIDA_NUM_VIDAS          234                  EA
LOOP_ADIVINHA_LETRA       292                 124
DERROTA                   338                 152
VITORIA                   372                 174
PALAVRA_COMPLETA          392                 188
AGUARDA_RESET             426                 1AA
ISR                       438                 1B6
IF_TIMER                  448                 1C0
IF_TECLADO                450                 1C2
FIM_INTERRUPT             452                 1C4
TIMER_INTERRUPT           459                 1CB
FIM_TIMER_INTERRUPT       501                 1F5
TECLADO_INTERRUPT         509                 1FD
CASO_QUALQUER             565                 235
CASO_LETRA                573                 23D
INPUT_INVALIDO            585                 249
FIM_TECLADO_INTERRUPT      589                 24D
INSERE_LETRA              603                 25B
FIM_INSERE_LETRA          621                 26D
APAGA_LETRA               622                 26E
FIM_APAGA_LETRA           640                 280
TECLA_ESPECIAL            641                 281
IF_ENTER                  641                 281
IF_BACKSPACE              661                 295
FIM_TECLA_ESPECIAL        679                 2A7
VALIDA_LETRA              680                 2A8
IF_MAIUSCULA              700                 2BC
FIM_VALIDA_LETRA          720                 2D0
CASO_HIFEN                721                 2D1
VALIDA_NUM                733                 2DD
FIM_VALIDA_NUM            757                 2F5
BASE_DEZ                  758                 2F6
LOOP_BASE_DEZ             764                 2FC
FIM_BASE_DEZ              778                 30A
ESCREVE_NUMERO            789                 315
ESCREVE_TEMPO             822                 336
CLEAR_VISOR               869                 365
LOOP_CLEAR_VISOR          875                 36B
STR_LEN                   886                 376
LOOP_STR_LEN              896                 380
FIM_STR_LEN               912                 390
ESCREVE_STRING            915                 393
LOOP_ESCREVE_STRING       939                 3AB
CENSURA_PALAVRA           956                 3BC
LOOP_CENSURA              968                 3C8
TRANSFERE_LETRA           990                 3DE
REGISTRA_PALAVRA         1005                 3ED
LOOP_REGISTRA_PALAVRA     1015                 3F7
REGISTRA_NUM_VIDAS       1040                 410
FIM_REGISTRA_NUM_VIDAS     1054                 41E
CASO_DOIS_DIGITOS        1063                 427
ESCREVE_VIDAS            1095                 447
MOSTRA_PALAVRA           1154                 482
ESCREVE_TEMPO_TOTAL      1167                 48F
BUSCA_LETRA              1194                 4AA
LOOP_BUSCA_LETRA         1210                 4BA
PROX_BUSCA_LETRA         1254                 4E6
LETRA_ERRADA             1268                 4F4
FIM_BUSCA_LETRA          1272                 4F8
CLEAR_PALAVRAS           1275                 4FB
LOOP_CLEAR_PALAVRAS      1281                 501
